
> muhiya-pos-system@0.0.0 build
> tsc -b && vite build

src/components/Layout.tsx(27,14): error TS2559: Type '{ company_name: string; logo_url: string; primary_color: string; secondary_color: string; }' has no properties in common with type 'Partial<ThemeStore>'.
src/pages/Auth.tsx(16,14): error TS2559: Type '{ company_name: string; logo_url: string; primary_color: string; secondary_color: string; }' has no properties in common with type 'Partial<ThemeStore>'.
src/pages/Auth.tsx(81,57): error TS2353: Object literal may only specify known properties, and 'shadowColor' does not exist in type 'Properties<string | number, string & {}>'.
src/pages/Dashboard.tsx(1,1): error TS6133: 'React' is declared but its value is never read.
src/pages/Inventory.tsx(1,8): error TS6133: 'React' is declared but its value is never read.
src/pages/POS.tsx(4,21): error TS6133: 'cn' is declared but its value is never read.
src/pages/POS.tsx(87,20): error TS2304: Cannot find name 'Package'.
src/pages/POS.tsx(104,14): error TS2304: Cannot find name 'ShoppingCart'.
src/pages/POS.tsx(121,16): error TS2304: Cannot find name 'ShoppingCart'.
src/pages/POS.tsx(203,57): error TS2353: Object literal may only specify known properties, and 'shadowColor' does not exist in type 'Properties<string | number, string & {}>'.
src/pages/POS.tsx(206,14): error TS2304: Cannot find name 'ShoppingCart'.
